2025-09-26 20:34:49.154 | INFO     | utils_logger:<module>:41 - Logging to file: logs\project_log.log
2025-09-26 20:34:49.175 | INFO     | __main__:execute_sql_file:18 - Executed SQL file: sql_create/01_drop_tables.sql
2025-09-26 20:34:49.201 | INFO     | __main__:execute_sql_file:18 - Executed SQL file: sql_create/02_create_tables.sql
2025-09-26 20:34:49.234 | INFO     | __main__:execute_sql_file:18 - Executed SQL file: sql_create/03_insert_records.sql
2025-09-26 20:34:49.234 | INFO     | __main__:<module>:48 - Database setup completed successfully.
2025-09-26 20:34:49.235 | INFO     | __main__:<module>:63 - Database connection closed
2025-09-26 20:50:21.797 | INFO     | utils_logger:<module>:41 - Logging to file: logs\project_log.log
2025-09-26 20:50:21.804 | INFO     | __main__:<module>:50 - Connected to SQLite database at data/books.db
2025-09-26 20:50:21.823 | INFO     | __main__:execute_sql_file:16 - Executed SQL file: sql_create/01_drop_tables.sql
2025-09-26 20:50:21.823 | INFO     | __main__:<module>:53 - Executed drop tables script
2025-09-26 20:50:21.840 | INFO     | __main__:execute_sql_file:16 - Executed SQL file: sql_create/02_create_tables.sql
2025-09-26 20:50:21.841 | INFO     | __main__:<module>:56 - Executed create tables script
2025-09-26 20:50:21.843 | INFO     | __main__:show_table:34 - Table 'authors'
2025-09-26 20:50:21.843 | INFO     | __main__:show_table:34 - Table 'books'
2025-09-26 20:50:21.843 | ERROR    | __main__:show_table:36 - Error retrieving table: Execution failed on sql 'SELECT * FROM publishers;': no such table: publishers
Traceback (most recent call last):

  File "C:\GitHub_Repo\datafun-05-sql-project\.venv\Lib\site-packages\pandas\io\sql.py", line 2664, in execute
    cur.execute(sql, *args)
    │   │       │     └ []
    │   │       └ 'SELECT * FROM publishers;'
    │   └ <method 'execute' of 'sqlite3.Cursor' objects>
    └ <sqlite3.Cursor object at 0x000001B1AD10EBC0>

sqlite3.OperationalError: no such table: publishers


The above exception was the direct cause of the following exception:


Traceback (most recent call last):

  File "C:\GitHub_Repo\datafun-05-sql-project\db01_setup.py", line 57, in <module>
    print(show_table(conn, ["authors", "books", "publishers"]))
          │          └ <sqlite3.Connection object at 0x000001B1AD130400>
          └ <function show_table at 0x000001B18A3EED40>

> File "C:\GitHub_Repo\datafun-05-sql-project\db01_setup.py", line 32, in show_table
    df = pd.read_sql_query(query, conn)
         │  │              │      └ <sqlite3.Connection object at 0x000001B1AD130400>
         │  │              └ 'SELECT * FROM publishers;'
         │  └ <function read_sql_query at 0x000001B1ACE3D580>
         └ <module 'pandas' from 'C:\\GitHub_Repo\\datafun-05-sql-project\\.venv\\Lib\\site-packages\\pandas\\__init__.py'>

  File "C:\GitHub_Repo\datafun-05-sql-project\.venv\Lib\site-packages\pandas\io\sql.py", line 528, in read_sql_query
    return pandas_sql.read_query(
           │          └ <function SQLiteDatabase.read_query at 0x000001B1ACE68900>
           └ <pandas.io.sql.SQLiteDatabase object at 0x000001B1AB35FBC0>
  File "C:\GitHub_Repo\datafun-05-sql-project\.venv\Lib\site-packages\pandas\io\sql.py", line 2728, in read_query
    cursor = self.execute(sql, params)
             │    │       │    └ None
             │    │       └ 'SELECT * FROM publishers;'
             │    └ <function SQLiteDatabase.execute at 0x000001B1ACE687C0>
             └ <pandas.io.sql.SQLiteDatabase object at 0x000001B1AB35FBC0>
  File "C:\GitHub_Repo\datafun-05-sql-project\.venv\Lib\site-packages\pandas\io\sql.py", line 2676, in execute
    raise ex from exc
          └ DatabaseError("Execution failed on sql 'SELECT * FROM publishers;': no such table: publishers")

pandas.errors.DatabaseError: Execution failed on sql 'SELECT * FROM publishers;': no such table: publishers
2025-09-26 20:50:21.850 | INFO     | __main__:<module>:70 - Rolled back open transaction(s)
2025-09-26 20:50:21.850 | ERROR    | __main__:<module>:73 - Database setup failed. Exiting with error.
Traceback (most recent call last):

  File "C:\GitHub_Repo\datafun-05-sql-project\.venv\Lib\site-packages\pandas\io\sql.py", line 2664, in execute
    cur.execute(sql, *args)
    │   │       │     └ []
    │   │       └ 'SELECT * FROM publishers;'
    │   └ <method 'execute' of 'sqlite3.Cursor' objects>
    └ <sqlite3.Cursor object at 0x000001B1AD10EBC0>

sqlite3.OperationalError: no such table: publishers


The above exception was the direct cause of the following exception:


Traceback (most recent call last):

> File "C:\GitHub_Repo\datafun-05-sql-project\db01_setup.py", line 57, in <module>
    print(show_table(conn, ["authors", "books", "publishers"]))
          │          └ <sqlite3.Connection object at 0x000001B1AD130400>
          └ <function show_table at 0x000001B18A3EED40>

  File "C:\GitHub_Repo\datafun-05-sql-project\db01_setup.py", line 32, in show_table
    df = pd.read_sql_query(query, conn)
         │  │              │      └ <sqlite3.Connection object at 0x000001B1AD130400>
         │  │              └ 'SELECT * FROM publishers;'
         │  └ <function read_sql_query at 0x000001B1ACE3D580>
         └ <module 'pandas' from 'C:\\GitHub_Repo\\datafun-05-sql-project\\.venv\\Lib\\site-packages\\pandas\\__init__.py'>

  File "C:\GitHub_Repo\datafun-05-sql-project\.venv\Lib\site-packages\pandas\io\sql.py", line 528, in read_sql_query
    return pandas_sql.read_query(
           │          └ <function SQLiteDatabase.read_query at 0x000001B1ACE68900>
           └ <pandas.io.sql.SQLiteDatabase object at 0x000001B1AB35FBC0>
  File "C:\GitHub_Repo\datafun-05-sql-project\.venv\Lib\site-packages\pandas\io\sql.py", line 2728, in read_query
    cursor = self.execute(sql, params)
             │    │       │    └ None
             │    │       └ 'SELECT * FROM publishers;'
             │    └ <function SQLiteDatabase.execute at 0x000001B1ACE687C0>
             └ <pandas.io.sql.SQLiteDatabase object at 0x000001B1AB35FBC0>
  File "C:\GitHub_Repo\datafun-05-sql-project\.venv\Lib\site-packages\pandas\io\sql.py", line 2676, in execute
    raise ex from exc
          └ DatabaseError("Execution failed on sql 'SELECT * FROM publishers;': no such table: publishers")

pandas.errors.DatabaseError: Execution failed on sql 'SELECT * FROM publishers;': no such table: publishers
2025-09-26 20:50:21.850 | INFO     | __main__:<module>:79 - Database connection closed
2025-09-26 20:50:49.148 | INFO     | utils_logger:<module>:41 - Logging to file: logs\project_log.log
2025-09-26 20:50:49.148 | INFO     | __main__:<module>:50 - Connected to SQLite database at data/books.db
2025-09-26 20:50:49.167 | INFO     | __main__:execute_sql_file:16 - Executed SQL file: sql_create/01_drop_tables.sql
2025-09-26 20:50:49.167 | INFO     | __main__:<module>:53 - Executed drop tables script
2025-09-26 20:50:49.183 | INFO     | __main__:execute_sql_file:16 - Executed SQL file: sql_create/02_create_tables.sql
2025-09-26 20:50:49.185 | INFO     | __main__:<module>:56 - Executed create tables script
2025-09-26 20:50:49.187 | INFO     | __main__:show_table:34 - Table 'authors'
2025-09-26 20:50:49.188 | INFO     | __main__:show_table:34 - Table 'books'
2025-09-26 20:50:49.204 | INFO     | __main__:execute_sql_file:16 - Executed SQL file: sql_create/03_insert_records.sql
2025-09-26 20:50:49.204 | INFO     | __main__:<module>:60 - Executed insert records script
2025-09-26 20:50:49.205 | INFO     | __main__:show_table:34 - Table 'authors'
2025-09-26 20:50:49.206 | INFO     | __main__:show_table:34 - Table 'books'
2025-09-26 20:50:49.206 | INFO     | __main__:<module>:64 - Database setup completed successfully.
2025-09-26 20:50:49.206 | INFO     | __main__:<module>:79 - Database connection closed
2025-09-26 20:51:13.463 | INFO     | utils_logger:<module>:41 - Logging to file: logs\project_log.log
2025-09-26 20:51:13.479 | INFO     | __main__:<module>:50 - Connected to SQLite database at data/books.db
2025-09-26 20:51:13.496 | INFO     | __main__:execute_sql_file:16 - Executed SQL file: sql_create/01_drop_tables.sql
2025-09-26 20:51:13.496 | INFO     | __main__:<module>:53 - Executed drop tables script
2025-09-26 20:51:13.514 | INFO     | __main__:execute_sql_file:16 - Executed SQL file: sql_create/02_create_tables.sql
2025-09-26 20:51:13.514 | INFO     | __main__:<module>:56 - Executed create tables script
2025-09-26 20:51:13.517 | INFO     | __main__:show_table:33 - Table 'authors'
2025-09-26 20:51:13.535 | INFO     | __main__:execute_sql_file:16 - Executed SQL file: sql_create/03_insert_records.sql
2025-09-26 20:51:13.536 | INFO     | __main__:<module>:60 - Executed insert records script
2025-09-26 20:51:13.537 | INFO     | __main__:show_table:33 - Table 'authors'
2025-09-26 20:51:13.540 | INFO     | __main__:<module>:64 - Database setup completed successfully.
2025-09-26 20:51:13.540 | INFO     | __main__:<module>:79 - Database connection closed
2025-09-26 20:52:51.510 | INFO     | utils_logger:<module>:41 - Logging to file: logs\project_log.log
2025-09-26 20:52:51.512 | INFO     | __main__:<module>:51 - Connected to SQLite database at data/books.db
2025-09-26 20:52:51.527 | INFO     | __main__:execute_sql_file:16 - Executed SQL file: sql_create/01_drop_tables.sql
2025-09-26 20:52:51.527 | INFO     | __main__:<module>:54 - Executed drop tables script
2025-09-26 20:52:51.545 | INFO     | __main__:execute_sql_file:16 - Executed SQL file: sql_create/02_create_tables.sql
2025-09-26 20:52:51.545 | INFO     | __main__:<module>:57 - Executed create tables script
2025-09-26 20:52:51.548 | INFO     | __main__:show_table:33 - Table 'authors'
2025-09-26 20:52:51.549 | INFO     | __main__:show_table:34 - Table '<bound method NDFrame.head of Empty DataFrame
Columns: [author_id, name, birth_year, nationality]
Index: []>'
2025-09-26 20:52:51.566 | INFO     | __main__:execute_sql_file:16 - Executed SQL file: sql_create/03_insert_records.sql
2025-09-26 20:52:51.566 | INFO     | __main__:<module>:61 - Executed insert records script
2025-09-26 20:52:51.567 | INFO     | __main__:show_table:33 - Table 'authors'
2025-09-26 20:52:51.570 | INFO     | __main__:show_table:34 - Table '<bound method NDFrame.head of     author_id           name  birth_year nationality
0  AUTHOR_001   J.K. Rowling        1965     British
1  AUTHOR_002  George Orwell        1903     British
2  AUTHOR_003     Harper Lee        1926    American>'
2025-09-26 20:52:51.573 | INFO     | __main__:<module>:65 - Database setup completed successfully.
2025-09-26 20:52:51.573 | INFO     | __main__:<module>:80 - Database connection closed
2025-09-26 20:55:10.416 | INFO     | utils_logger:<module>:41 - Logging to file: logs\project_log.log
2025-09-26 20:55:10.416 | INFO     | __main__:<module>:50 - Connected to SQLite database at data/books.db
2025-09-26 20:55:10.447 | INFO     | __main__:execute_sql_file:16 - Executed SQL file: sql_create/01_drop_tables.sql
2025-09-26 20:55:10.447 | INFO     | __main__:<module>:53 - Executed drop tables script
2025-09-26 20:55:10.466 | INFO     | __main__:execute_sql_file:16 - Executed SQL file: sql_create/02_create_tables.sql
2025-09-26 20:55:10.467 | INFO     | __main__:<module>:56 - Executed create tables script
2025-09-26 20:55:10.468 | INFO     | __main__:show_table:33 - Table 'authors'
2025-09-26 20:55:10.468 | INFO     | __main__:show_table:34 - Empty DataFrame
Columns: [author_id, name, birth_year, nationality]
Index: []
2025-09-26 20:55:10.468 | INFO     | __main__:show_table:33 - Table 'books'
2025-09-26 20:55:10.468 | INFO     | __main__:show_table:34 - Empty DataFrame
Columns: [book_id, title, genre, publication_year, author_id]
Index: []
2025-09-26 20:55:10.491 | INFO     | __main__:execute_sql_file:16 - Executed SQL file: sql_create/03_insert_records.sql
2025-09-26 20:55:10.491 | INFO     | __main__:<module>:60 - Executed insert records script
2025-09-26 20:55:10.492 | INFO     | __main__:show_table:33 - Table 'authors'
2025-09-26 20:55:10.492 | INFO     | __main__:show_table:34 -     author_id           name  birth_year nationality
0  AUTHOR_001   J.K. Rowling        1965     British
1  AUTHOR_002  George Orwell        1903     British
2  AUTHOR_003     Harper Lee        1926    American
2025-09-26 20:55:10.494 | INFO     | __main__:show_table:33 - Table 'books'
2025-09-26 20:55:10.494 | INFO     | __main__:show_table:34 -     book_id                                    title             genre  publication_year   author_id
0  BOOK_001    Harry Potter and the Sorcerer's Stone           Fantasy              1997  AUTHOR_001
1  BOOK_002  Harry Potter and the Chamber of Secrets           Fantasy              1998  AUTHOR_001
2  BOOK_003                                     1984         Dystopian              1949  AUTHOR_002
3  BOOK_004                              Animal Farm  Political Satire              1945  AUTHOR_002
4  BOOK_005                    To Kill a Mockingbird           Fiction              1960  AUTHOR_003
2025-09-26 20:55:10.499 | INFO     | __main__:<module>:64 - Database setup completed successfully.
2025-09-26 20:55:10.500 | INFO     | __main__:<module>:79 - Database connection closed
2025-09-26 20:56:56.059 | INFO     | utils_logger:<module>:41 - Logging to file: logs\project_log.log
2025-09-26 20:56:56.059 | INFO     | __main__:<module>:50 - Connected to SQLite database at data/books.db
2025-09-26 20:56:56.084 | INFO     | __main__:execute_sql_file:16 - Executed SQL file: sql_create/01_drop_tables.sql
2025-09-26 20:56:56.084 | INFO     | __main__:<module>:53 - Executed drop tables script
2025-09-26 20:56:56.104 | INFO     | __main__:execute_sql_file:16 - Executed SQL file: sql_create/02_create_tables.sql
2025-09-26 20:56:56.105 | INFO     | __main__:<module>:56 - Executed create tables script
2025-09-26 20:56:56.106 | INFO     | __main__:show_table:33 - Table 'authors'
2025-09-26 20:56:56.107 | INFO     | __main__:show_table:34 - Empty DataFrame
Columns: [author_id, name, birth_year, nationality]
Index: []
2025-09-26 20:56:56.110 | INFO     | __main__:show_table:33 - Table 'books'
2025-09-26 20:56:56.110 | INFO     | __main__:show_table:34 - Empty DataFrame
Columns: [book_id, title, genre, publication_year, author_id]
Index: []
2025-09-26 20:56:56.157 | INFO     | __main__:execute_sql_file:16 - Executed SQL file: sql_create/03_insert_records.sql
2025-09-26 20:56:56.157 | INFO     | __main__:<module>:60 - Executed insert records script
2025-09-26 20:56:56.159 | INFO     | __main__:show_table:33 - Table 'authors'
2025-09-26 20:56:56.159 | INFO     | __main__:show_table:34 -     author_id                    name  birth_year nationality
0  AUTHOR_001            J.K. Rowling        1965     British
1  AUTHOR_002           George Orwell        1903     British
2  AUTHOR_003              Harper Lee        1926    American
3  AUTHOR_004             Jane Austen        1775     British
4  AUTHOR_005     F. Scott Fitzgerald        1896    American
5  AUTHOR_006  Gabriel García Márquez        1927   Colombian
6  AUTHOR_007           Chinua Achebe        1930    Nigerian
2025-09-26 20:56:56.163 | INFO     | __main__:show_table:33 - Table 'books'
2025-09-26 20:56:56.163 | INFO     | __main__:show_table:34 -      book_id                                    title  ... publication_year   author_id
0   BOOK_001    Harry Potter and the Sorcerer's Stone  ...             1997  AUTHOR_001
1   BOOK_002  Harry Potter and the Chamber of Secrets  ...             1998  AUTHOR_001
2   BOOK_003                                     1984  ...             1949  AUTHOR_002
3   BOOK_004                              Animal Farm  ...             1945  AUTHOR_002
4   BOOK_005                    To Kill a Mockingbird  ...             1960  AUTHOR_003
5   BOOK_006                      Pride and Prejudice  ...             1813  AUTHOR_004
6   BOOK_007                    Sense and Sensibility  ...             1811  AUTHOR_004
7   BOOK_008                         The Great Gatsby  ...             1925  AUTHOR_005
8   BOOK_009            One Hundred Years of Solitude  ...             1967  AUTHOR_006
9   BOOK_010              Love in the Time of Cholera  ...             1985  AUTHOR_006
10  BOOK_011                        Things Fall Apart  ...             1958  AUTHOR_007
11  BOOK_012                        No Longer at Ease  ...             1960  AUTHOR_007
12  BOOK_013            Chronicle of a Death Foretold  ...             1981  AUTHOR_006

[13 rows x 5 columns]
2025-09-26 20:56:56.169 | INFO     | __main__:<module>:64 - Database setup completed successfully.
2025-09-26 20:56:56.169 | INFO     | __main__:<module>:79 - Database connection closed
2025-09-26 20:57:29.684 | INFO     | utils_logger:<module>:41 - Logging to file: logs\project_log.log
2025-09-26 20:57:29.684 | INFO     | __main__:<module>:50 - Connected to SQLite database at data/books.db
2025-09-26 20:57:29.706 | INFO     | __main__:execute_sql_file:16 - Executed SQL file: sql_create/01_drop_tables.sql
2025-09-26 20:57:29.706 | INFO     | __main__:<module>:53 - Executed drop tables script
2025-09-26 20:57:29.718 | INFO     | __main__:execute_sql_file:16 - Executed SQL file: sql_create/02_create_tables.sql
2025-09-26 20:57:29.718 | INFO     | __main__:<module>:56 - Executed create tables script
2025-09-26 20:57:29.726 | INFO     | __main__:show_table:33 - Table 'authors'
2025-09-26 20:57:29.726 | INFO     | __main__:show_table:34 - Empty DataFrame
Columns: [author_id, name, birth_year, nationality]
Index: []
2025-09-26 20:57:29.726 | INFO     | __main__:show_table:33 - Table 'books'
2025-09-26 20:57:29.730 | INFO     | __main__:show_table:34 - Empty DataFrame
Columns: [book_id, title, genre, publication_year, author_id]
Index: []
2025-09-26 20:57:29.763 | INFO     | __main__:execute_sql_file:16 - Executed SQL file: sql_create/03_insert_records.sql
2025-09-26 20:57:29.763 | INFO     | __main__:<module>:60 - Executed insert records script
2025-09-26 20:57:29.763 | INFO     | __main__:show_table:33 - Table 'authors'
2025-09-26 20:57:29.763 | INFO     | __main__:show_table:34 -     author_id                    name  birth_year nationality
0  AUTHOR_001            J.K. Rowling        1965     British
1  AUTHOR_002           George Orwell        1903     British
2  AUTHOR_003              Harper Lee        1926    American
3  AUTHOR_004             Jane Austen        1775     British
4  AUTHOR_005     F. Scott Fitzgerald        1896    American
5  AUTHOR_006  Gabriel García Márquez        1927   Colombian
6  AUTHOR_007           Chinua Achebe        1930    Nigerian
2025-09-26 20:57:29.768 | INFO     | __main__:show_table:33 - Table 'books'
2025-09-26 20:57:29.768 | INFO     | __main__:show_table:34 -      book_id                                    title  ... publication_year   author_id
0   BOOK_001    Harry Potter and the Sorcerer's Stone  ...             1997  AUTHOR_001
1   BOOK_002  Harry Potter and the Chamber of Secrets  ...             1998  AUTHOR_001
2   BOOK_003                                     1984  ...             1949  AUTHOR_002
3   BOOK_004                              Animal Farm  ...             1945  AUTHOR_002
4   BOOK_005                    To Kill a Mockingbird  ...             1960  AUTHOR_003
5   BOOK_006                      Pride and Prejudice  ...             1813  AUTHOR_004
6   BOOK_007                    Sense and Sensibility  ...             1811  AUTHOR_004
7   BOOK_008                         The Great Gatsby  ...             1925  AUTHOR_005
8   BOOK_009            One Hundred Years of Solitude  ...             1967  AUTHOR_006
9   BOOK_010              Love in the Time of Cholera  ...             1985  AUTHOR_006
10  BOOK_011                        Things Fall Apart  ...             1958  AUTHOR_007
11  BOOK_012                        No Longer at Ease  ...             1960  AUTHOR_007
12  BOOK_013            Chronicle of a Death Foretold  ...             1981  AUTHOR_006

[13 rows x 5 columns]
2025-09-26 20:57:29.775 | INFO     | __main__:<module>:64 - Database setup completed successfully.
2025-09-26 20:57:29.775 | INFO     | __main__:<module>:79 - Database connection closed
2025-09-26 20:58:26.074 | INFO     | utils_logger:<module>:41 - Logging to file: logs\project_log.log
2025-09-26 20:58:26.074 | INFO     | __main__:<module>:50 - Connected to SQLite database at data/books.db
2025-09-26 20:58:26.102 | INFO     | __main__:execute_sql_file:16 - Executed SQL file: sql_create/01_drop_tables.sql
2025-09-26 20:58:26.102 | INFO     | __main__:<module>:53 - Executed drop tables script
2025-09-26 20:58:26.121 | INFO     | __main__:execute_sql_file:16 - Executed SQL file: sql_create/02_create_tables.sql
2025-09-26 20:58:26.121 | INFO     | __main__:<module>:56 - Executed create tables script
2025-09-26 20:58:26.124 | INFO     | __main__:show_table:33 - Table 'authors'
2025-09-26 20:58:26.125 | INFO     | __main__:show_table:34 - Empty DataFrame
Columns: [author_id, name, birth_year, nationality]
Index: []
2025-09-26 20:58:26.126 | INFO     | __main__:show_table:33 - Table 'books'
2025-09-26 20:58:26.127 | INFO     | __main__:show_table:34 - Empty DataFrame
Columns: [book_id, title, genre, publication_year, author_id]
Index: []
2025-09-26 20:58:26.156 | INFO     | __main__:execute_sql_file:16 - Executed SQL file: sql_create/03_insert_records.sql
2025-09-26 20:58:26.156 | INFO     | __main__:<module>:60 - Executed insert records script
2025-09-26 20:58:26.157 | INFO     | __main__:show_table:33 - Table 'authors'
2025-09-26 20:58:26.157 | INFO     | __main__:show_table:34 -     author_id                    name  birth_year nationality
0  AUTHOR_001            J.K. Rowling        1965     British
1  AUTHOR_002           George Orwell        1903     British
2  AUTHOR_003              Harper Lee        1926    American
3  AUTHOR_004             Jane Austen        1775     British
4  AUTHOR_005     F. Scott Fitzgerald        1896    American
5  AUTHOR_006  Gabriel García Márquez        1927   Colombian
6  AUTHOR_007           Chinua Achebe        1930    Nigerian
2025-09-26 20:58:26.161 | INFO     | __main__:show_table:33 - Table 'books'
2025-09-26 20:58:26.162 | INFO     | __main__:show_table:34 -      book_id                                    title               genre  publication_year   author_id
0   BOOK_001    Harry Potter and the Sorcerer's Stone             Fantasy              1997  AUTHOR_001
1   BOOK_002  Harry Potter and the Chamber of Secrets             Fantasy              1998  AUTHOR_001
2   BOOK_003                                     1984           Dystopian              1949  AUTHOR_002
3   BOOK_004                              Animal Farm    Political Satire              1945  AUTHOR_002
4   BOOK_005                    To Kill a Mockingbird             Fiction              1960  AUTHOR_003
5   BOOK_006                      Pride and Prejudice             Romance              1813  AUTHOR_004
6   BOOK_007                    Sense and Sensibility             Romance              1811  AUTHOR_004
7   BOOK_008                         The Great Gatsby             Tragedy              1925  AUTHOR_005
8   BOOK_009            One Hundred Years of Solitude       Magic Realism              1967  AUTHOR_006
9   BOOK_010              Love in the Time of Cholera             Romance              1985  AUTHOR_006
10  BOOK_011                        Things Fall Apart  Historical Fiction              1958  AUTHOR_007
11  BOOK_012                        No Longer at Ease             Fiction              1960  AUTHOR_007
12  BOOK_013            Chronicle of a Death Foretold             Novella              1981  AUTHOR_006
2025-09-26 20:58:26.166 | INFO     | __main__:<module>:64 - Database setup completed successfully.
2025-09-26 20:58:26.166 | INFO     | __main__:<module>:79 - Database connection closed
2025-09-26 21:11:43.887 | INFO     | utils_logger:<module>:41 - Logging to file: logs\project_log.log
2025-09-26 21:11:43.887 | INFO     | __main__:<module>:50 - Connected to SQLite database at data/books.db
2025-09-26 21:11:43.908 | INFO     | __main__:execute_sql_file:16 - Executed SQL file: sql_features/delete_records.sql
2025-09-26 21:11:43.908 | INFO     | __main__:<module>:53 - Executed DELETE script
2025-09-26 21:11:43.909 | INFO     | __main__:show_table:33 - Table 'books'
2025-09-26 21:11:43.909 | INFO     | __main__:show_table:34 -      book_id                                    title               genre  publication_year   author_id
0   BOOK_001    Harry Potter and the Sorcerer's Stone             Fantasy              1997  AUTHOR_001
1   BOOK_002  Harry Potter and the Chamber of Secrets             Fantasy              1998  AUTHOR_001
2   BOOK_004                              Animal Farm    Political Satire              1945  AUTHOR_002
3   BOOK_005                    To Kill a Mockingbird             Fiction              1960  AUTHOR_003
4   BOOK_006                      Pride and Prejudice             Romance              1813  AUTHOR_004
5   BOOK_007                    Sense and Sensibility             Romance              1811  AUTHOR_004
6   BOOK_008                         The Great Gatsby             Tragedy              1925  AUTHOR_005
7   BOOK_009            One Hundred Years of Solitude       Magic Realism              1967  AUTHOR_006
8   BOOK_010              Love in the Time of Cholera             Romance              1985  AUTHOR_006
9   BOOK_011                        Things Fall Apart  Historical Fiction              1958  AUTHOR_007
10  BOOK_012                        No Longer at Ease             Fiction              1960  AUTHOR_007
11  BOOK_013            Chronicle of a Death Foretold             Novella              1981  AUTHOR_006
2025-09-26 21:11:43.922 | ERROR    | __main__:execute_sql_file:18 - SQLite error executing 'sql_features/update_records.sql': no such table: author
Traceback (most recent call last):

  File "C:\GitHub_Repo\datafun-05-sql-project\db02_features.py", line 56, in <module>
    execute_sql_file(conn, "sql_features/update_records.sql")
    │                └ <sqlite3.Connection object at 0x0000022B2EF40310>
    └ <function execute_sql_file at 0x0000022B0C21E160>

> File "C:\GitHub_Repo\datafun-05-sql-project\db02_features.py", line 15, in execute_sql_file
    conn.executescript(sql_script)
    │    │             └ "UPDATE author SET name = 'Joanne Kathleen Rowling' WHERE author_id = 'AUTHOR_001';"
    │    └ <method 'executescript' of 'sqlite3.Connection' objects>
    └ <sqlite3.Connection object at 0x0000022B2EF40310>

sqlite3.OperationalError: no such table: author
2025-09-26 21:11:43.922 | INFO     | __main__:<module>:67 - Rolled back open transaction(s)
2025-09-26 21:11:43.922 | ERROR    | __main__:<module>:70 - Database setup failed. Exiting with error.
Traceback (most recent call last):

> File "C:\GitHub_Repo\datafun-05-sql-project\db02_features.py", line 56, in <module>
    execute_sql_file(conn, "sql_features/update_records.sql")
    │                └ <sqlite3.Connection object at 0x0000022B2EF40310>
    └ <function execute_sql_file at 0x0000022B0C21E160>

  File "C:\GitHub_Repo\datafun-05-sql-project\db02_features.py", line 15, in execute_sql_file
    conn.executescript(sql_script)
    │    │             └ "UPDATE author SET name = 'Joanne Kathleen Rowling' WHERE author_id = 'AUTHOR_001';"
    │    └ <method 'executescript' of 'sqlite3.Connection' objects>
    └ <sqlite3.Connection object at 0x0000022B2EF40310>

sqlite3.OperationalError: no such table: author
2025-09-26 21:11:43.922 | INFO     | __main__:<module>:76 - Database connection closed
2025-09-26 21:12:10.413 | INFO     | utils_logger:<module>:41 - Logging to file: logs\project_log.log
2025-09-26 21:12:10.413 | INFO     | __main__:<module>:50 - Connected to SQLite database at data/books.db
2025-09-26 21:12:10.413 | INFO     | __main__:execute_sql_file:16 - Executed SQL file: sql_features/delete_records.sql
2025-09-26 21:12:10.413 | INFO     | __main__:<module>:53 - Executed DELETE script
2025-09-26 21:12:10.413 | INFO     | __main__:show_table:33 - Table 'books'
2025-09-26 21:12:10.413 | INFO     | __main__:show_table:34 -      book_id                                    title               genre  publication_year   author_id
0   BOOK_001    Harry Potter and the Sorcerer's Stone             Fantasy              1997  AUTHOR_001
1   BOOK_002  Harry Potter and the Chamber of Secrets             Fantasy              1998  AUTHOR_001
2   BOOK_004                              Animal Farm    Political Satire              1945  AUTHOR_002
3   BOOK_005                    To Kill a Mockingbird             Fiction              1960  AUTHOR_003
4   BOOK_006                      Pride and Prejudice             Romance              1813  AUTHOR_004
5   BOOK_007                    Sense and Sensibility             Romance              1811  AUTHOR_004
6   BOOK_008                         The Great Gatsby             Tragedy              1925  AUTHOR_005
7   BOOK_009            One Hundred Years of Solitude       Magic Realism              1967  AUTHOR_006
8   BOOK_010              Love in the Time of Cholera             Romance              1985  AUTHOR_006
9   BOOK_011                        Things Fall Apart  Historical Fiction              1958  AUTHOR_007
10  BOOK_012                        No Longer at Ease             Fiction              1960  AUTHOR_007
11  BOOK_013            Chronicle of a Death Foretold             Novella              1981  AUTHOR_006
2025-09-26 21:12:10.448 | INFO     | __main__:execute_sql_file:16 - Executed SQL file: sql_features/update_records.sql
2025-09-26 21:12:10.448 | INFO     | __main__:<module>:57 - Executed update script
2025-09-26 21:12:10.449 | INFO     | __main__:show_table:33 - Table 'authors'
2025-09-26 21:12:10.449 | INFO     | __main__:show_table:34 -     author_id                     name  birth_year nationality
0  AUTHOR_001  Joanne Kathleen Rowling        1965     British
1  AUTHOR_002            George Orwell        1903     British
2  AUTHOR_003               Harper Lee        1926    American
3  AUTHOR_004              Jane Austen        1775     British
4  AUTHOR_005      F. Scott Fitzgerald        1896    American
5  AUTHOR_006   Gabriel García Márquez        1927   Colombian
6  AUTHOR_007            Chinua Achebe        1930    Nigerian
2025-09-26 21:12:10.453 | INFO     | __main__:<module>:61 - Database setup completed successfully.
2025-09-26 21:12:10.453 | INFO     | __main__:<module>:76 - Database connection closed
